// Jest Snapshot v1, https://goo.gl/fbAQLP

exports[`exports plan 1`] = `[Function]`;

exports[`exports up 1`] = `[Function]`;
